/Users/saiendla/Documents/PostgreSQl SCripts /postgres_admin_scripts/00_environment/01_server_instance_overview.sql
/Users/saiendla/Documents/PostgreSQl SCripts /postgres_admin_scripts/00_environment/02_extensions_installed.sql
/Users/saiendla/Documents/PostgreSQl SCripts /postgres_admin_scripts/00_environment/03_database_catalog_overview.sql
/Users/saiendla/Documents/PostgreSQl SCripts /postgres_admin_scripts/01_database_size/01_databases_size.sql
/Users/saiendla/Documents/PostgreSQl SCripts /postgres_admin_scripts/01_database_size/02_current_database_size_breakdown.sql
/Users/saiendla/Documents/PostgreSQl SCripts /postgres_admin_scripts/01_database_size/03_tablespaces_size.sql
/Users/saiendla/Documents/PostgreSQl SCripts /postgres_admin_scripts/02_table_storage/01_table_size_breakdown.sql
/Users/saiendla/Documents/PostgreSQl SCripts /postgres_admin_scripts/02_table_storage/02_top_largest_tables.sql
/Users/saiendla/Documents/PostgreSQl SCripts /postgres_admin_scripts/02_table_storage/03_table_growth_baseline_snapshot.sql
/Users/saiendla/Documents/PostgreSQl SCripts /postgres_admin_scripts/02_table_storage/04_relation_storage_parameters.sql
/Users/saiendla/Documents/PostgreSQl SCripts /postgres_admin_scripts/03_index_analysis/01_index_size_and_usage.sql
/Users/saiendla/Documents/PostgreSQl SCripts /postgres_admin_scripts/03_index_analysis/02_unused_indexes_candidates.sql
/Users/saiendla/Documents/PostgreSQl SCripts /postgres_admin_scripts/03_index_analysis/03_duplicate_indexes.sql
/Users/saiendla/Documents/PostgreSQl SCripts /postgres_admin_scripts/03_index_analysis/04_index_maintenance_candidates.sql
/Users/saiendla/Documents/PostgreSQl SCripts /postgres_admin_scripts/04_toast_lob_blob/01_tables_with_toast.sql
/Users/saiendla/Documents/PostgreSQl SCripts /postgres_admin_scripts/04_toast_lob_blob/02_toast_heavy_tables.sql
/Users/saiendla/Documents/PostgreSQl SCripts /postgres_admin_scripts/04_toast_lob_blob/03_large_objects_summary.sql
/Users/saiendla/Documents/PostgreSQl SCripts /postgres_admin_scripts/04_toast_lob_blob/04_top_large_objects.sql
/Users/saiendla/Documents/PostgreSQl SCripts /postgres_admin_scripts/05_partitioning/01_partitioned_tables_overview.sql
/Users/saiendla/Documents/PostgreSQl SCripts /postgres_admin_scripts/05_partitioning/02_partition_size_distribution.sql
/Users/saiendla/Documents/PostgreSQl SCripts /postgres_admin_scripts/05_partitioning/03_partitions_without_indexes.sql
/Users/saiendla/Documents/PostgreSQl SCripts /postgres_admin_scripts/05_partitioning/04_partitioning_recommendation_candidates.sql
/Users/saiendla/Documents/PostgreSQl SCripts /postgres_admin_scripts/06_activity_locks/01_active_sessions.sql
/Users/saiendla/Documents/PostgreSQl SCripts /postgres_admin_scripts/06_activity_locks/02_blocking_and_blocked_sessions.sql
/Users/saiendla/Documents/PostgreSQl SCripts /postgres_admin_scripts/06_activity_locks/03_long_running_transactions.sql
/Users/saiendla/Documents/PostgreSQl SCripts /postgres_admin_scripts/06_activity_locks/04_wait_events_summary.sql
/Users/saiendla/Documents/PostgreSQl SCripts /postgres_admin_scripts/07_vacuum_bloat/01_table_bloat_estimate.sql
/Users/saiendla/Documents/PostgreSQl SCripts /postgres_admin_scripts/07_vacuum_bloat/02_autovacuum_table_status.sql
/Users/saiendla/Documents/PostgreSQl SCripts /postgres_admin_scripts/07_vacuum_bloat/03_freeze_age_risk.sql
/Users/saiendla/Documents/PostgreSQl SCripts /postgres_admin_scripts/07_vacuum_bloat/04_dead_tuples_hotspots.sql
/Users/saiendla/Documents/PostgreSQl SCripts /postgres_admin_scripts/07_vacuum_bloat/05_vacuum_progress.sql
/Users/saiendla/Documents/PostgreSQl SCripts /postgres_admin_scripts/08_replication_ha/01_primary_replication_status.sql
/Users/saiendla/Documents/PostgreSQl SCripts /postgres_admin_scripts/08_replication_ha/02_standby_replay_status.sql
/Users/saiendla/Documents/PostgreSQl SCripts /postgres_admin_scripts/08_replication_ha/03_replication_slots_health.sql
/Users/saiendla/Documents/PostgreSQl SCripts /postgres_admin_scripts/08_replication_ha/04_wal_generation_rate.sql
/Users/saiendla/Documents/PostgreSQl SCripts /postgres_admin_scripts/09_security_roles/01_roles_and_membership.sql
/Users/saiendla/Documents/PostgreSQl SCripts /postgres_admin_scripts/09_security_roles/02_high_privilege_roles.sql
/Users/saiendla/Documents/PostgreSQl SCripts /postgres_admin_scripts/09_security_roles/03_table_grants_by_role.sql
/Users/saiendla/Documents/PostgreSQl SCripts /postgres_admin_scripts/09_security_roles/04_default_privileges.sql
/Users/saiendla/Documents/PostgreSQl SCripts /postgres_admin_scripts/10_maintenance_monitoring/01_bgwriter_checkpoint_stats.sql
/Users/saiendla/Documents/PostgreSQl SCripts /postgres_admin_scripts/10_maintenance_monitoring/02_cache_hit_ratio.sql
/Users/saiendla/Documents/PostgreSQl SCripts /postgres_admin_scripts/10_maintenance_monitoring/03_top_statements_pg_stat_statements.sql
/Users/saiendla/Documents/PostgreSQl SCripts /postgres_admin_scripts/10_maintenance_monitoring/04_non_default_config.sql
/Users/saiendla/Documents/PostgreSQl SCripts /postgres_admin_scripts/10_maintenance_monitoring/05_connection_capacity.sql
/Users/saiendla/Documents/PostgreSQl SCripts /postgres_admin_scripts/11_performance_tuning/01_top_queries_by_total_exec_time.sql
/Users/saiendla/Documents/PostgreSQl SCripts /postgres_admin_scripts/11_performance_tuning/02_top_queries_by_mean_exec_time.sql
/Users/saiendla/Documents/PostgreSQl SCripts /postgres_admin_scripts/11_performance_tuning/03_temp_file_heavy_queries.sql
/Users/saiendla/Documents/PostgreSQl SCripts /postgres_admin_scripts/11_performance_tuning/04_io_bound_query_candidates.sql
/Users/saiendla/Documents/PostgreSQl SCripts /postgres_admin_scripts/11_performance_tuning/05_performance_related_settings.sql
/Users/saiendla/Documents/PostgreSQl SCripts /postgres_admin_scripts/11_performance_tuning/06_function_hotspots.sql
/Users/saiendla/Documents/PostgreSQl SCripts /postgres_admin_scripts/12_planner_statistics/01_tables_needing_analyze.sql
/Users/saiendla/Documents/PostgreSQl SCripts /postgres_admin_scripts/12_planner_statistics/02_seq_scan_hotspots.sql
/Users/saiendla/Documents/PostgreSQl SCripts /postgres_admin_scripts/12_planner_statistics/03_column_stats_profile.sql
/Users/saiendla/Documents/PostgreSQl SCripts /postgres_admin_scripts/12_planner_statistics/04_extended_stats_candidates.sql
/Users/saiendla/Documents/PostgreSQl SCripts /postgres_admin_scripts/12_planner_statistics/05_autovacuum_analyze_settings_by_table.sql
/Users/saiendla/Documents/PostgreSQl SCripts /postgres_admin_scripts/12_planner_statistics/06_planner_cost_settings.sql
/Users/saiendla/Documents/PostgreSQl SCripts /postgres_admin_scripts/13_io_wal_checkpoints/01_database_io_profile.sql
/Users/saiendla/Documents/PostgreSQl SCripts /postgres_admin_scripts/13_io_wal_checkpoints/02_table_io_hotspots.sql
/Users/saiendla/Documents/PostgreSQl SCripts /postgres_admin_scripts/13_io_wal_checkpoints/03_index_io_hotspots.sql
/Users/saiendla/Documents/PostgreSQl SCripts /postgres_admin_scripts/13_io_wal_checkpoints/04_wal_archiver_health.sql
/Users/saiendla/Documents/PostgreSQl SCripts /postgres_admin_scripts/13_io_wal_checkpoints/05_checkpoint_pressure_indicators.sql
/Users/saiendla/Documents/PostgreSQl SCripts /postgres_admin_scripts/13_io_wal_checkpoints/06_temp_file_usage_by_database.sql
/Users/saiendla/Documents/PostgreSQl SCripts /postgres_admin_scripts/13_io_wal_checkpoints/07_pg_stat_io_overview_pg16_plus.sql
/Users/saiendla/Documents/PostgreSQl SCripts /postgres_admin_scripts/14_connection_workload/01_connections_by_user_app_db.sql
/Users/saiendla/Documents/PostgreSQl SCripts /postgres_admin_scripts/14_connection_workload/02_idle_in_transaction_risk.sql
/Users/saiendla/Documents/PostgreSQl SCripts /postgres_admin_scripts/14_connection_workload/03_connection_state_distribution.sql
/Users/saiendla/Documents/PostgreSQl SCripts /postgres_admin_scripts/14_connection_workload/04_role_connection_limit_risk.sql
/Users/saiendla/Documents/PostgreSQl SCripts /postgres_admin_scripts/14_connection_workload/05_backend_type_distribution.sql
/Users/saiendla/Documents/PostgreSQl SCripts /postgres_admin_scripts/14_connection_workload/06_prepared_transactions_status.sql
/Users/saiendla/Documents/PostgreSQl SCripts /postgres_admin_scripts/15_capacity_forecasting/01_create_capacity_repository.sql
/Users/saiendla/Documents/PostgreSQl SCripts /postgres_admin_scripts/15_capacity_forecasting/02_capture_database_size_snapshot.sql
/Users/saiendla/Documents/PostgreSQl SCripts /postgres_admin_scripts/15_capacity_forecasting/03_capture_table_size_snapshot.sql
/Users/saiendla/Documents/PostgreSQl SCripts /postgres_admin_scripts/15_capacity_forecasting/04_capture_index_size_snapshot.sql
/Users/saiendla/Documents/PostgreSQl SCripts /postgres_admin_scripts/15_capacity_forecasting/05_capture_connection_snapshot.sql
/Users/saiendla/Documents/PostgreSQl SCripts /postgres_admin_scripts/15_capacity_forecasting/06_capture_wal_snapshot.sql
/Users/saiendla/Documents/PostgreSQl SCripts /postgres_admin_scripts/15_capacity_forecasting/07_database_growth_report.sql
/Users/saiendla/Documents/PostgreSQl SCripts /postgres_admin_scripts/15_capacity_forecasting/08_table_growth_report.sql
/Users/saiendla/Documents/PostgreSQl SCripts /postgres_admin_scripts/16_internals_deep_dive/01_database_xid_multixact_age.sql
/Users/saiendla/Documents/PostgreSQl SCripts /postgres_admin_scripts/16_internals_deep_dive/02_relation_filenode_mapping.sql
/Users/saiendla/Documents/PostgreSQl SCripts /postgres_admin_scripts/16_internals_deep_dive/03_system_catalog_size_profile.sql
/Users/saiendla/Documents/PostgreSQl SCripts /postgres_admin_scripts/16_internals_deep_dive/04_dependency_fanout_objects.sql
/Users/saiendla/Documents/PostgreSQl SCripts /postgres_admin_scripts/16_internals_deep_dive/05_fsm_vm_toast_size_breakdown.sql
/Users/saiendla/Documents/PostgreSQl SCripts /postgres_admin_scripts/16_internals_deep_dive/06_visibility_and_freeze_profile.sql
/Users/saiendla/Documents/PostgreSQl SCripts /postgres_admin_scripts/17_execution_plans/01_plan_capture_prerequisites.sql
/Users/saiendla/Documents/PostgreSQl SCripts /postgres_admin_scripts/17_execution_plans/02_explain_analyze_template.sql
/Users/saiendla/Documents/PostgreSQl SCripts /postgres_admin_scripts/17_execution_plans/03_generate_explain_for_top_queries.sql
/Users/saiendla/Documents/PostgreSQl SCripts /postgres_admin_scripts/17_execution_plans/04_plan_red_flag_candidates.sql
/Users/saiendla/Documents/PostgreSQl SCripts /postgres_admin_scripts/18_long_queries_full_scans/01_active_long_queries.sql
/Users/saiendla/Documents/PostgreSQl SCripts /postgres_admin_scripts/18_long_queries_full_scans/02_long_queries_from_statements.sql
/Users/saiendla/Documents/PostgreSQl SCripts /postgres_admin_scripts/18_long_queries_full_scans/03_short_vs_long_query_distribution.sql
/Users/saiendla/Documents/PostgreSQl SCripts /postgres_admin_scripts/18_long_queries_full_scans/04_full_scan_hotspot_tables.sql
/Users/saiendla/Documents/PostgreSQl SCripts /postgres_admin_scripts/19_dml_optimization/01_write_heavy_tables.sql
/Users/saiendla/Documents/PostgreSQl SCripts /postgres_admin_scripts/19_dml_optimization/02_hot_update_efficiency.sql
/Users/saiendla/Documents/PostgreSQl SCripts /postgres_admin_scripts/19_dml_optimization/03_missing_fk_supporting_indexes.sql
/Users/saiendla/Documents/PostgreSQl SCripts /postgres_admin_scripts/19_dml_optimization/04_dml_bloat_pressure.sql
/Users/saiendla/Documents/PostgreSQl SCripts /postgres_admin_scripts/20_design_matters/01_tables_without_primary_keys.sql
/Users/saiendla/Documents/PostgreSQl SCripts /postgres_admin_scripts/20_design_matters/02_wide_tables_profile.sql
/Users/saiendla/Documents/PostgreSQl SCripts /postgres_admin_scripts/20_design_matters/03_overindexed_tables.sql
/Users/saiendla/Documents/PostgreSQl SCripts /postgres_admin_scripts/20_design_matters/04_high_nullability_columns.sql
/Users/saiendla/Documents/PostgreSQl SCripts /postgres_admin_scripts/21_configuration_parameters/01_core_performance_settings.sql
/Users/saiendla/Documents/PostgreSQl SCripts /postgres_admin_scripts/21_configuration_parameters/02_wal_checkpoint_settings.sql
/Users/saiendla/Documents/PostgreSQl SCripts /postgres_admin_scripts/21_configuration_parameters/03_autovacuum_settings.sql
/Users/saiendla/Documents/PostgreSQl SCripts /postgres_admin_scripts/21_configuration_parameters/04_connection_timeout_settings.sql
/Users/saiendla/Documents/PostgreSQl SCripts /postgres_admin_scripts/22_application_orm_performance/01_n_plus_one_query_candidates.sql
/Users/saiendla/Documents/PostgreSQl SCripts /postgres_admin_scripts/22_application_orm_performance/02_select_star_candidates.sql
/Users/saiendla/Documents/PostgreSQl SCripts /postgres_admin_scripts/22_application_orm_performance/03_chatty_small_result_queries.sql
/Users/saiendla/Documents/PostgreSQl SCripts /postgres_admin_scripts/22_application_orm_performance/04_app_idle_in_transaction_risk.sql
/Users/saiendla/Documents/PostgreSQl SCripts /postgres_admin_scripts/23_functions_dynamic_sql/01_function_execution_hotspots.sql
/Users/saiendla/Documents/PostgreSQl SCripts /postgres_admin_scripts/23_functions_dynamic_sql/02_dynamic_sql_function_inventory.sql
/Users/saiendla/Documents/PostgreSQl SCripts /postgres_admin_scripts/23_functions_dynamic_sql/03_volatile_and_security_definer_functions.sql
/Users/saiendla/Documents/PostgreSQl SCripts /postgres_admin_scripts/23_functions_dynamic_sql/04_trigger_function_inventory.sql
/Users/saiendla/Documents/PostgreSQl SCripts /postgres_admin_scripts/24_complex_filter_search/01_like_ilike_query_candidates.sql
/Users/saiendla/Documents/PostgreSQl SCripts /postgres_admin_scripts/24_complex_filter_search/02_jsonb_array_column_inventory.sql
/Users/saiendla/Documents/PostgreSQl SCripts /postgres_admin_scripts/24_complex_filter_search/03_gin_gist_brin_index_inventory.sql
/Users/saiendla/Documents/PostgreSQl SCripts /postgres_admin_scripts/24_complex_filter_search/04_full_text_search_inventory.sql
/Users/saiendla/Documents/PostgreSQl SCripts /postgres_admin_scripts/25_oltp_olap_goals/01_workload_signature_oltp_vs_olap.sql
/Users/saiendla/Documents/PostgreSQl SCripts /postgres_admin_scripts/25_oltp_olap_goals/02_oltp_latency_goal_candidates.sql
/Users/saiendla/Documents/PostgreSQl SCripts /postgres_admin_scripts/25_oltp_olap_goals/03_olap_throughput_candidates.sql
/Users/saiendla/Documents/PostgreSQl SCripts /postgres_admin_scripts/25_oltp_olap_goals/04_mixed_workload_pressure.sql
/Users/saiendla/Documents/PostgreSQl SCripts /postgres_admin_scripts/26_physical_cloud_diagnostics/01_instance_platform_fingerprint.sql
/Users/saiendla/Documents/PostgreSQl SCripts /postgres_admin_scripts/26_physical_cloud_diagnostics/02_io_latency_profile.sql
/Users/saiendla/Documents/PostgreSQl SCripts /postgres_admin_scripts/26_physical_cloud_diagnostics/03_checkpoint_fsync_pressure.sql
/Users/saiendla/Documents/PostgreSQl SCripts /postgres_admin_scripts/26_physical_cloud_diagnostics/04_replication_slot_wal_retention_risk.sql
/Users/saiendla/Documents/PostgreSQl SCripts /postgres_admin_scripts/27_high_speed_tuning/01_bottleneck_overview_dashboard.sql
/Users/saiendla/Documents/PostgreSQl SCripts /postgres_admin_scripts/27_high_speed_tuning/02_waits_and_blocking_details.sql
/Users/saiendla/Documents/PostgreSQl SCripts /postgres_admin_scripts/27_high_speed_tuning/03_missing_index_candidates_from_scan_pressure.sql
/Users/saiendla/Documents/PostgreSQl SCripts /postgres_admin_scripts/27_high_speed_tuning/04_missing_fk_index_candidates.sql
/Users/saiendla/Documents/PostgreSQl SCripts /postgres_admin_scripts/27_high_speed_tuning/05_parameter_tuning_advisor.sql
/Users/saiendla/Documents/PostgreSQl SCripts /postgres_admin_scripts/27_high_speed_tuning/06_query_tuning_action_queue.sql
/Users/saiendla/Documents/PostgreSQl SCripts /postgres_admin_scripts/27_migration_validation/01_oracle_to_postgres_360_health_report.sql
/Users/saiendla/Documents/PostgreSQl SCripts /postgres_admin_scripts/27_migration_validation/02_seed_v1_test_issues.sql
/Users/saiendla/Documents/PostgreSQl SCripts /postgres_admin_scripts/27_migration_validation/03_fix_v1_test_issues.sql
/Users/saiendla/Documents/PostgreSQl SCripts /postgres_admin_scripts/28_pgss_resource_attribution/01_pgss_query_resource_percent.sql
/Users/saiendla/Documents/PostgreSQl SCripts /postgres_admin_scripts/28_pgss_resource_attribution/02_pgss_resource_percent_by_database.sql
/Users/saiendla/Documents/PostgreSQl SCripts /postgres_admin_scripts/28_pgss_resource_attribution/03_pgss_resource_percent_by_user.sql
/Users/saiendla/Documents/PostgreSQl SCripts /postgres_admin_scripts/28_pgss_resource_attribution/04_pgss_query_infra_tier_classification.sql
